
> wgf-scaffold@0.1.0 dev
> next dev --turbopack

   ▲ Next.js 15.5.4 (Turbopack)
   - Local:        http://localhost:3000
   - Network:      http://192.168.1.120:3000
   - Environments: .env

 ✓ Starting...
 ✓ Compiled middleware in 104ms
 ✓ Ready in 1292ms
 ○ Compiling / ...
 ✓ Compiled / in 2.6s
 GET / 200 in 3375ms
 GET / 200 in 352ms
 GET / 200 in 271ms
 ○ Compiling /request-collection ...
 ✓ Compiled /request-collection in 759ms
 GET /request-collection 200 in 1018ms
 GET / 200 in 228ms
 ✓ Compiled /about in 479ms
 GET /about 200 in 558ms
 GET / 200 in 161ms
 GET /about 200 in 144ms
 ○ Compiling /initiatives ...
 ✓ Compiled /initiatives in 527ms
 GET /initiatives 200 in 591ms
 ✓ Compiled /events in 477ms
 GET /events 200 in 555ms
 ✓ Compiled /awareness in 459ms
 GET /awareness 200 in 530ms
 GET /request-collection 200 in 209ms
 ○ Compiling /gallery ...
 ✓ Compiled /gallery in 777ms
 GET /gallery 200 in 839ms
 ○ Compiling /contact ...
 ✓ Compiled /contact in 583ms
 GET /contact 200 in 664ms
 GET / 200 in 169ms
 GET /request-collection 200 in 262ms
 GET /gallery 200 in 97ms
 GET / 200 in 159ms
 GET / 200 in 206ms
 GET /request-collection 200 in 430ms
 GET / 200 in 163ms
 ✓ Compiled in 92ms
 ✓ Compiled / in 65ms
 GET / 200 in 296ms
 GET / 200 in 875ms
 GET /about 200 in 166ms
 GET / 200 in 371ms
 GET /about 200 in 103ms
 GET /initiatives 200 in 113ms
 GET /events 200 in 166ms
 GET /events?filter=past 200 in 158ms
 GET /events?filter=upcoming 200 in 178ms
 GET /awareness 200 in 171ms
 GET /gallery 200 in 185ms
 GET /contact 200 in 102ms
 GET /request-collection 200 in 150ms
 GET / 200 in 200ms
 GET /about 200 in 110ms
 GET /initiatives 200 in 95ms
 GET /events 200 in 110ms
 GET /awareness 200 in 120ms
 GET /gallery 200 in 90ms
 GET /contact 200 in 112ms
 GET /request-collection 200 in 101ms
 GET / 200 in 166ms
[?25h
