
> wgf-scaffold@0.1.0 dev
> next dev --turbopack -p 3000

   ▲ Next.js 15.5.4 (Turbopack)
   - Local:        http://localhost:3000
   - Network:      http://192.168.1.120:3000
   - Environments: .env

 ✓ Starting...
 ✓ Compiled middleware in 231ms
 ✓ Ready in 2.3s
 ○ Compiling / ...
 ✓ Compiled / in 6.6s
 GET / 200 in 8550ms
 ○ Compiling /api/media/[id] ...
 ✓ Compiled /api/media/[id] in 748ms
 ○ Compiling /_error ...
 ✓ Compiled /_error in 2.8s
 GET /api/media/cmu8e01wx000oulnohzm0gzsn 500 in 4121ms
 ○ Compiling /gallery ...
 ✓ Compiled /gallery in 1302ms
 GET /gallery 200 in 1650ms
 GET /api/media/cmu8e01wx000oulnohzm0gzsn 200 in 1689ms
 GET /gallery 200 in 465ms
 GET /gallery 200 in 374ms
 GET /gallery 200 in 405ms
 GET /gallery 200 in 398ms
 ✓ Compiled /api/contact in 488ms
 POST /api/contact 201 in 983ms
 ✓ Compiled /api/auth/login in 299ms
 POST /api/auth/login 200 in 838ms
 ○ Compiling /admin/messages ...
 ✓ Compiled /admin/messages in 1658ms
 GET /admin/messages 200 in 2210ms
 ✓ Compiled /api/requests in 378ms
 POST /api/requests 201 in 850ms
 ✓ Compiled /api/requests/track in 381ms
 POST /api/requests/track 404 in 789ms
 POST /api/requests/track 200 in 472ms
 GET / 200 in 757ms
 GET / 200 in 818ms
 ○ Compiling /login ...
 ✓ Compiled /login in 1334ms
 GET /login 200 in 1915ms
 POST /api/auth/login 200 in 616ms
 ○ Compiling /admin ...
 ✓ Compiled /admin in 1755ms
 GET /admin 200 in 1912ms
 GET /admin 200 in 169ms
 ○ Compiling /admin/requests ...
 ✓ Compiled /admin/requests in 1449ms
 GET /admin/requests?ref=WGF-5VSF-Y28E 200 in 1685ms
 ○ Compiling /admin/requests/[id] ...
 ✓ Compiled /admin/requests/[id] in 2.3s
 GET /admin/requests/cmu8e8vzu0006ulwkcc2356wv 200 in 3567ms
 POST /admin/requests/cmu8e8vzu0006ulwkcc2356wv 200 in 386ms
 ○ Compiling /track-request ...
 ✓ Compiled /track-request in 1362ms
 GET /track-request?code=WGF-5VSF-Y28E 200 in 1809ms
 POST /api/requests/track 200 in 357ms
 ○ Compiling /admin/collections ...
 ✓ Compiled /admin/collections in 1531ms
 GET /admin/collections 200 in 2292ms
 POST /admin/collections 200 in 432ms
 GET /admin/messages 200 in 250ms
 GET / 200 in 403ms
 GET /admin 200 in 246ms
 GET /admin/collections 200 in 258ms
 GET /admin/requests 200 in 234ms
 ○ Compiling /admin/events ...
 ✓ Compiled /admin/events in 1122ms
 GET /admin/events 200 in 1278ms
 GET /admin/messages 200 in 193ms
 GET /admin/requests 200 in 257ms
 GET /admin 200 in 260ms
 ✓ Compiled in 188ms
 ✓ Compiled in 172ms
 GET /admin/requests 200 in 219ms
 GET /admin/messages 200 in 175ms
 GET / 200 in 341ms
 GET / 200 in 243ms
 GET / 200 in 263ms
 GET / 200 in 414ms
 ○ Compiling /about ...
 ✓ Compiled /about in 860ms
 GET /about 200 in 1151ms
 ○ Compiling /initiatives ...
 ✓ Compiled /initiatives in 863ms
 GET /initiatives 200 in 1115ms
 ○ Compiling /_not-found/page ...
 ✓ Compiled /_not-found/page in 824ms
 GET /projects 404 in 1021ms
 ○ Compiling /events ...
 ✓ Compiled /events in 743ms
 GET /events 200 in 1013ms
 ○ Compiling /awareness ...
 ✓ Compiled /awareness in 775ms
 GET /awareness 200 in 1033ms
 GET /gallery 200 in 261ms
 ○ Compiling /contact ...
 ✓ Compiled /contact in 888ms
 GET /contact 200 in 1169ms
 ○ Compiling /request-collection ...
 ✓ Compiled /request-collection in 936ms
 GET /request-collection 200 in 1213ms
 GET /track-request 200 in 291ms
 GET /login 200 in 281ms
 GET /nonexistent-page 404 in 186ms
 GET /about 200 in 231ms
 GET /initiatives 200 in 174ms
 GET /events 200 in 169ms
 GET /awareness 200 in 178ms
 GET /gallery 200 in 170ms
 GET /api/media/cmu8e01xh000wulnoidrzdtk7 200 in 733ms
 GET /api/media/cmu8e01xl000yulnolglyjlv5 200 in 738ms
 GET /api/media/cmu8e01x7000sulnora1it71v 200 in 733ms
 GET /api/media/cmu8e01x2000qulnofk6vlznl 200 in 733ms
 GET /api/media/cmu8e01xb000uulnok3o7ox5i 200 in 740ms
 GET /api/media/cmu8e01wx000oulnohzm0gzsn 200 in 740ms
 GET /contact 200 in 189ms
 GET /gallery 200 in 153ms
 GET / 200 in 229ms
 ✓ Compiled middleware in 7ms
 ○ Compiling /projects ...
 ✓ Compiled /projects in 859ms
 GET /projects 307 in 1387ms
 ○ Compiling /projects/[slug] ...
 ✓ Compiled /projects/[slug] in 661ms
 GET /projects/household-dry-waste-collection-drive 200 in 1898ms
 GET / 200 in 604ms
 ✓ Compiled in 169ms
 ✓ Compiled / in 133ms
 GET / 200 in 594ms
 GET / 200 in 746ms
 GET / 200 in 585ms
 GET /about 200 in 263ms
 GET /initiatives 200 in 243ms
 GET /events 200 in 212ms
 GET /awareness 200 in 235ms
 GET /gallery 200 in 202ms
 GET /contact 200 in 181ms
 GET / 200 in 259ms
